[www.argon40.com.br/index.html]
[www.argon40.com.br/https]
[backblue.gif]
[fade.gif]
[index.html]
[www.argon40.com.br/static/version1603255180/_cache/merged/867efcd510a665dde9a40146a2ece2d8.min.css]
[www.argon40.com.br/static/version1603255180/frontend/Smartwave/porto/en_US/css/styles-l.min.css]
[www.argon40.com.br/static/version1603255180/frontend/Smartwave/porto/en_US/css/print.min.css]
[www.argon40.com.br/static/version1603255180/_cache/merged/cd12be94dbeaa970ee882bcc1f4dcbbb.min.js]
[www.argon40.com.br/media/favicon/stores/1/favicon.ico]
[www.argon40.com.br/media/porto/web/bootstrap/css/bootstrap.min.css]
[www.argon40.com.br/media/porto/web/css/animate.optimized.css]
[www.argon40.com.br/media/porto/web/css/header/type20.css]
[www.argon40.com.br/media/porto/web/css/custom.css]
[www.argon40.com.br/media/porto/configed_css/design_default.css]
[www.argon40.com.br/media/porto/configed_css/settings_default.css]
[www.argon40.com.br/media/logo/stores/1/logo_new_white.png]
[www.argon40.com.br/learn/index.html]
[www.argon40.com.br/raspberry-pi.html]
[www.argon40.com.br/raspberry-pi/single-board-computer.html]
[www.argon40.com.br/raspberry-pi/camera.html]
[www.argon40.com.br/raspberry-pi/rpi-hats.html]
[www.argon40.com.br/raspberry-pi-cases.html]
[www.argon40.com.br/raspberry-pi-cases/argon.html]
[www.argon40.com.br/raspberry-pi-cases/rpi-official-cases.html]
[www.argon40.com.br/starter-kits.html]
[www.argon40.com.br/accessories.html]
[www.argon40.com.br/media/mageplaza/search/default_0.js]
[www.argon40.com.br/catalogsearch/advanced/index.html]
[www.argon40.com.br/contact.html]
[www.argon40.com.br/media/wysiwyg/smartwave/porto/homepage/04/slider/slide3n.jpg]
[www.argon40.com.br/media/catalog/product/index.html]
[www.argon40.com.br/media/wysiwyg/smartwave/porto/homepage/14/slider/02.png]
[www.argon40.com.br/customer/account/login/referer/aHR0cHM6Ly93d3cuYXJnb240MC5jb20v/index.html]
[www.argon40.com.br/argon-neo-raspberry-pi-4-case.html]
[www.argon40.com.br/checkout/cart/index.html]
[www.argon40.com.br/media/wysiwyg/smartwave/porto/homepage/04/slider/slide4n.jpg]
[www.argon40.com.br/customer/account/create/index.html]
[www.argon40.com.br/media/wysiwyg/smartwave/porto/homepage/14/slider/03.png]
[www.argon40.com.br/argon-one-m-2-case-for-raspberry-pi-4.html]
[www.argon40.com.br/media/wysiwyg/smartwave/porto/homepage/04/slider/slide1n.jpg]
[www.argon40.com.br/media/wysiwyg/smartwave/porto/homepage/04/slider/slide2n.jpg]
[www.argon40.com.br/catalog/product/view/id/52/s/argon-one-raspberry-pi-4-case/category/4/index.html]
[www.argon40.com.br/media/wysiwyg/smartwave/porto/homepage/04/slider/image01n.jpg]
[www.argon40.com.br/media/wysiwyg/smartwave/porto/homepage/04/slider/image02n.jpg]
[www.argon40.com.br/media/wysiwyg/smartwave/porto/homepage/04/slider/image03n.jpg]
[www.argon40.com.br/media/wysiwyg/smartwave/porto/homepage/04/slider/image04n.jpf]
[www.argon40.com.br/blog/index.html]
[www.argon40.com.br/media/wysiwyg/smartwave/porto/homepage/04/slider/men_new.jpg]
[www.argon40.com.br/argon-mini-fan-pack-of-2.html]
[www.argon40.com.br/raspberry-pi-pico-board-only.html]
[www.argon40.com.br/raspberry-pi-400-computer-kit.html]
[www.argon40.com.br/raspberry-pi-4-case-fan.html]
[www.argon40.com.br/media/wysiwyg/smartwave/porto/homepage/04/slider/women_new.jpg]
[www.argon40.com.br/poly-vented-with-argon-mini-fan.html]
[www.argon40.com.br/nanosound-one-case-raspberry-pi-4-not-included.html]
[www.argon40.com.br/argon-one-m-2-expansion-board.html]
[www.argon40.com.br/argon-poly-raspberry-pi-4-case-1.html]
[www.argon40.com.br/argon-one-v-2-case-for-raspberry-pi-5.html]
[www.argon40.com.br/argon-ir-remote-for-argon-one-v2-and-m-2-cases.html]
[www.argon40.com.br/index.html]
[www.argon40.com.br/https.html]
[www.argon40.com.br/raspberry-pi-400-main-unit-only.html]
[www.argon40.com.br/static/version1603255180/frontend/Smartwave/porto/en_US/fonts/opensans/light/opensans-300.woff2]
[www.argon40.com.br/static/version1603255180/frontend/Smartwave/porto/en_US/fonts/opensans/light/opensans-300.woff]
[www.argon40.com.br/static/version1603255180/frontend/Smartwave/porto/en_US/fonts/opensans/regular/opensans-400.woff2]
[www.argon40.com.br/static/version1603255180/frontend/Smartwave/porto/en_US/fonts/opensans/regular/opensans-400.woff]
[www.argon40.com.br/static/version1603255180/frontend/Smartwave/porto/en_US/fonts/opensans/semibold/opensans-600.woff2]
[www.argon40.com.br/static/version1603255180/frontend/Smartwave/porto/en_US/fonts/opensans/semibold/opensans-600.woff]
[www.argon40.com.br/static/version1603255180/frontend/Smartwave/porto/en_US/fonts/opensans/bold/opensans-700.woff2]
[www.argon40.com.br/static/version1603255180/frontend/Smartwave/porto/en_US/fonts/opensans/bold/opensans-700.woff]
[www.argon40.com.br/static/version1603255180/frontend/Smartwave/porto/en_US/images/loader-2.gif]
[www.argon40.com.br/static/version1603255180/frontend/Smartwave/porto/en_US/icon-fonts/font/porto-icons.woff2]
[www.argon40.com.br/static/version1603255180/frontend/Smartwave/porto/en_US/icon-fonts/font/porto-icons.woff]
[www.argon40.com.br/static/version1603255180/frontend/Smartwave/porto/en_US/Magento_ProductVideo/img/gallery-sprite.png]
[www.argon40.com.br/static/version1603255180/frontend/Smartwave/porto/en_US/images/rating-bar.png]
[www.argon40.com.br/static/version1603255180/frontend/Smartwave/porto/en_US/images/slider-bar.png]
[www.argon40.com.br/static/version1603255180/frontend/Smartwave/porto/en_US/images/bkg_4.png]
[www.argon40.com.br/static/version1603255180/frontend/Smartwave/porto/en_US/images/history-thumb.png]
[www.argon40.com.br/static/version1603255180/frontend/Smartwave/porto/en_US/images/newsletter_popup_bg.jpg]
[www.argon40.com.br/static/version1603255180/frontend/Smartwave/porto/en_US/fancybox/css/images/fancybox_sprite.png]
[www.argon40.com.br/static/version1603255180/frontend/Smartwave/porto/en_US/fancybox/css/images/fancybox_loading.gif]
[www.argon40.com.br/static/version1603255180/frontend/Smartwave/porto/en_US/fancybox/css/images/blank.gif]
[www.argon40.com.br/static/version1603255180/frontend/Smartwave/porto/en_US/fancybox/css/images/fancybox_overlay.png]
[www.argon40.com.br/static/version1603255180/frontend/Smartwave/porto/en_US/fancybox/css/images/fancybox_sprite@2x.png]
[www.argon40.com.br/static/version1603255180/frontend/Smartwave/porto/en_US/fancybox/css/images/fancybox_loading@2x.gif]
[www.argon40.com.br/static/version1603255180/frontend/Smartwave/porto/en_US/font-awesome/fonts/fa-brands-400.eot]
[www.argon40.com.br/static/version1603255180/frontend/Smartwave/porto/en_US/font-awesome/fonts/fa-brands-400d41d.eot]
[www.argon40.com.br/static/version1603255180/frontend/Smartwave/porto/en_US/font-awesome/fonts/fa-brands-400.woff2]
[www.argon40.com.br/static/version1603255180/frontend/Smartwave/porto/en_US/font-awesome/fonts/fa-brands-400.woff]
[www.argon40.com.br/static/version1603255180/frontend/Smartwave/porto/en_US/font-awesome/fonts/fa-brands-400.ttf]
[www.argon40.com.br/static/version1603255180/frontend/Smartwave/porto/en_US/font-awesome/fonts/fa-brands-400.svg]
[www.argon40.com.br/static/version1603255180/frontend/Smartwave/porto/en_US/font-awesome/fonts/fa-regular-400.eot]
[www.argon40.com.br/static/version1603255180/frontend/Smartwave/porto/en_US/font-awesome/fonts/fa-regular-400d41d.eot]
[www.argon40.com.br/static/version1603255180/frontend/Smartwave/porto/en_US/font-awesome/fonts/fa-regular-400.woff2]
[www.argon40.com.br/static/version1603255180/frontend/Smartwave/porto/en_US/font-awesome/fonts/fa-regular-400.woff]
[www.argon40.com.br/static/version1603255180/frontend/Smartwave/porto/en_US/font-awesome/fonts/fa-regular-400.ttf]
[www.argon40.com.br/static/version1603255180/frontend/Smartwave/porto/en_US/font-awesome/fonts/fa-regular-400.svg]
[www.argon40.com.br/static/version1603255180/frontend/Smartwave/porto/en_US/font-awesome/fonts/fa-solid-900.eot]
[www.argon40.com.br/static/version1603255180/frontend/Smartwave/porto/en_US/font-awesome/fonts/fa-solid-900d41d.eot]
[www.argon40.com.br/static/version1603255180/frontend/Smartwave/porto/en_US/font-awesome/fonts/fa-solid-900.woff2]
[www.argon40.com.br/static/version1603255180/frontend/Smartwave/porto/en_US/font-awesome/fonts/fa-solid-900.woff]
[www.argon40.com.br/static/version1603255180/frontend/Smartwave/porto/en_US/font-awesome/fonts/fa-solid-900.ttf]
[www.argon40.com.br/static/version1603255180/frontend/Smartwave/porto/en_US/font-awesome/fonts/fa-solid-900.svg]
[www.argon40.com.br/static/version1603255180/frontend/Smartwave/porto/en_US/StripeIntegration_Payments/img/visa.png]
[www.argon40.com.br/static/version1603255180/frontend/Smartwave/porto/en_US/StripeIntegration_Payments/img/amex.png]
[www.argon40.com.br/static/version1603255180/frontend/Smartwave/porto/en_US/StripeIntegration_Payments/img/mastercard.png]
[www.argon40.com.br/static/version1603255180/frontend/Smartwave/porto/en_US/StripeIntegration_Payments/img/discover.png]
[www.argon40.com.br/static/version1603255180/frontend/Smartwave/porto/en_US/StripeIntegration_Payments/img/diners.png]
[www.argon40.com.br/static/version1603255180/frontend/Smartwave/porto/en_US/StripeIntegration_Payments/img/jcb.png]
[www.argon40.com.br/static/version1603255180/frontend/Smartwave/porto/en_US/StripeIntegration_Payments/fonts/LibreBarcode128Text-Regular.ttf]
[www.argon40.com.br/static/version1603255180/frontend/Smartwave/porto/en_US/StripeIntegration_Payments/svg/fpx/affin_bank.svg]
[www.argon40.com.br/static/version1603255180/frontend/Smartwave/porto/en_US/StripeIntegration_Payments/svg/fpx/alliance_bank.svg]
[www.argon40.com.br/static/version1603255180/frontend/Smartwave/porto/en_US/StripeIntegration_Payments/svg/fpx/ambank.svg]
[www.argon40.com.br/static/version1603255180/frontend/Smartwave/porto/en_US/StripeIntegration_Payments/svg/fpx/bank_rakyat.svg]
[www.argon40.com.br/static/version1603255180/frontend/Smartwave/porto/en_US/StripeIntegration_Payments/svg/fpx/bank_islam.svg]
[www.argon40.com.br/static/version1603255180/frontend/Smartwave/porto/en_US/StripeIntegration_Payments/svg/fpx/bank_muamalat.svg]
[www.argon40.com.br/static/version1603255180/frontend/Smartwave/porto/en_US/StripeIntegration_Payments/svg/fpx/cimb.svg]
[www.argon40.com.br/static/version1603255180/frontend/Smartwave/porto/en_US/StripeIntegration_Payments/svg/fpx/bsn.svg]
[www.argon40.com.br/static/version1603255180/frontend/Smartwave/porto/en_US/StripeIntegration_Payments/svg/fpx/hong_leong_bank.svg]
[www.argon40.com.br/static/version1603255180/frontend/Smartwave/porto/en_US/StripeIntegration_Payments/svg/fpx/hsbc.svg]
[www.argon40.com.br/static/version1603255180/frontend/Smartwave/porto/en_US/StripeIntegration_Payments/svg/fpx/kfh.svg]
[www.argon40.com.br/static/version1603255180/frontend/Smartwave/porto/en_US/StripeIntegration_Payments/svg/fpx/maybank2u.svg]
[www.argon40.com.br/static/version1603255180/frontend/Smartwave/porto/en_US/StripeIntegration_Payments/svg/fpx/maybank2e.svg]
[www.argon40.com.br/static/version1603255180/frontend/Smartwave/porto/en_US/StripeIntegration_Payments/svg/fpx/ocbc.svg]
[www.argon40.com.br/static/version1603255180/frontend/Smartwave/porto/en_US/StripeIntegration_Payments/svg/fpx/public_bank.svg]
[www.argon40.com.br/static/version1603255180/frontend/Smartwave/porto/en_US/StripeIntegration_Payments/svg/fpx/rhb.svg]
[www.argon40.com.br/static/version1603255180/frontend/Smartwave/porto/en_US/StripeIntegration_Payments/svg/fpx/standard_chartered.svg]
[www.argon40.com.br/static/version1603255180/_cache/merged/867efcd510a665dde9a40146a2ece2d8.min.css]
[www.argon40.com.br/static/version1603255180/frontend/Smartwave/porto/en_US/css/styles-l.min.css]
[www.argon40.com.br/static/version1603255180/frontend/Smartwave/porto/en_US/css/print.min.css]
[www.argon40.com.br/media/porto/web/bootstrap/css/bootstrap.min.css]
[www.argon40.com.br/media/porto/web/css/animate.optimized.css]
[www.argon40.com.br/media/porto/web/css/header/type20.css]
[www.argon40.com.br/static/version1603255180/frontend/Smartwave/porto/en_US/StripeIntegration_Payments/svg/fpx/uob.svg]
[www.argon40.com.br/media/porto/web/images/bkg_4.png]
[www.argon40.com.br/media/porto/web/images/slider-bar.html]
[www.argon40.com.br/media/porto/web/css/custom.css]
[www.argon40.com.br/media/porto/configed_css/design_default.css]
[www.argon40.com.br/media/porto/configed_css/settings_default.css]
[www.argon40.com.br/learn/index.html]
[www.argon40.com.br/raspberry-pi.html]
[www.argon40.com.br/raspberry-pi/single-board-computer.html]
[www.argon40.com.br/raspberry-pi/camera.html]
[www.argon40.com.br/raspberry-pi/rpi-hats.html]
[www.argon40.com.br/raspberry-pi-cases.html]
[www.argon40.com.br/raspberry-pi-cases/argon.html]
[www.argon40.com.br/raspberry-pi-cases/rpi-official-cases.html]
[www.argon40.com.br/starter-kits.html]
[www.argon40.com.br/accessories.html]
[www.argon40.com.br/catalogsearch/advanced/index.html]
[www.argon40.com.br/media/catalog/product/index.html]
[www.argon40.com.br/contact.html]
[www.argon40.com.br/customer/account/login/referer/aHR0cHM6Ly93d3cuYXJnb240MC5jb20v/index.html]
[www.argon40.com.br/customer/account/create/index.html]
[www.argon40.com.br/checkout/cart/index.html]
[www.argon40.com.br/argon-neo-raspberry-pi-4-case.html]
[www.argon40.com.br/media/wysiwyg/smartwave/porto/homepage/14/slider/03.html]
[www.argon40.com.br/argon-one-m-2-case-for-raspberry-pi-4.html]
[www.argon40.com.br/catalog/product/view/id/52/s/argon-one-raspberry-pi-4-case/category/4/index.html]
[www.argon40.com.br/blog/index.html]
[www.argon40.com.br/argon-mini-fan-pack-of-2.html]
[www.argon40.com.br/raspberry-pi-pico-board-only.html]
[www.argon40.com.br/raspberry-pi-400-computer-kit.html]
[www.argon40.com.br/raspberry-pi-4-case-fan.html]
[www.argon40.com.br/poly-vented-with-argon-mini-fan.html]
[www.argon40.com.br/nanosound-one-case-raspberry-pi-4-not-included.html]
[www.argon40.com.br/argon-one-m-2-expansion-board.html]
[www.argon40.com.br/argon-poly-raspberry-pi-4-case-1.html]
[www.argon40.com.br/argon-one-v-2-case-for-raspberry-pi-5.html]
[www.argon40.com.br/argon-ir-remote-for-argon-one-v2-and-m-2-cases.html]
[www.argon40.com.br/raspberry-pi-400-main-unit-only.html]
[www.argon40.com.br/static/version1603255180/frontend/Smartwave/porto/en_US/images/select-bg.svg]
[www.argon40.com.br/static/version1603255180/frontend/Smartwave/porto/en_US/Magento_LoginAsCustomerFrontendUi/images/close.svg]
[www.argon40.com.br/static/version1603255180/frontend/Smartwave/porto/en_US/font-awesome/fonts/fa-brands-400.svg]
[www.argon40.com.br/static/version1603255180/frontend/Smartwave/porto/en_US/font-awesome/fonts/fa-regular-400.svg]
[www.argon40.com.br/static/version1603255180/frontend/Smartwave/porto/en_US/font-awesome/fonts/fa-solid-900.svg]
[www.argon40.com.br/static/version1603255180/frontend/Smartwave/porto/en_US/StripeIntegration_Payments/svg/loader.svg]
[www.argon40.com.br/static/version1603255180/frontend/Smartwave/porto/en_US/StripeIntegration_Payments/img/select-bg.svg]
[www.argon40.com.br/static/version1603255180/frontend/Smartwave/porto/en_US/StripeIntegration_Payments/svg/fpx/affin_bank.svg]
[www.argon40.com.br/static/version1603255180/frontend/Smartwave/porto/en_US/StripeIntegration_Payments/svg/fpx/alliance_bank.svg]
[www.argon40.com.br/static/version1603255180/frontend/Smartwave/porto/en_US/StripeIntegration_Payments/svg/fpx/ambank.svg]
[www.argon40.com.br/static/version1603255180/frontend/Smartwave/porto/en_US/StripeIntegration_Payments/svg/fpx/bank_islam.svg]
[www.argon40.com.br/static/version1603255180/frontend/Smartwave/porto/en_US/StripeIntegration_Payments/svg/fpx/bank_rakyat.svg]
[www.argon40.com.br/static/version1603255180/frontend/Smartwave/porto/en_US/StripeIntegration_Payments/svg/fpx/bank_muamalat.svg]
[www.argon40.com.br/static/version1603255180/frontend/Smartwave/porto/en_US/StripeIntegration_Payments/svg/fpx/bsn.svg]
[www.argon40.com.br/static/version1603255180/frontend/Smartwave/porto/en_US/StripeIntegration_Payments/svg/fpx/cimb.svg]
[www.argon40.com.br/static/version1603255180/frontend/Smartwave/porto/en_US/StripeIntegration_Payments/svg/fpx/hong_leong_bank.svg]
[www.argon40.com.br/static/version1603255180/frontend/Smartwave/porto/en_US/StripeIntegration_Payments/svg/fpx/hsbc.svg]
[www.argon40.com.br/static/version1603255180/frontend/Smartwave/porto/en_US/StripeIntegration_Payments/svg/fpx/kfh.svg]
[www.argon40.com.br/static/version1603255180/frontend/Smartwave/porto/en_US/StripeIntegration_Payments/svg/fpx/maybank2u.svg]
[www.argon40.com.br/static/version1603255180/frontend/Smartwave/porto/en_US/StripeIntegration_Payments/svg/fpx/maybank2e.html]
[www.argon40.com.br/static/version1603255180/frontend/Smartwave/porto/en_US/StripeIntegration_Payments/svg/fpx/ocbc.svg]
[www.argon40.com.br/static/version1603255180/frontend/Smartwave/porto/en_US/StripeIntegration_Payments/svg/fpx/public_bank.svg]
[www.argon40.com.br/static/version1603255180/frontend/Smartwave/porto/en_US/StripeIntegration_Payments/svg/fpx/rhb.svg]
[www.argon40.com.br/static/version1603255180/frontend/Smartwave/porto/en_US/StripeIntegration_Payments/svg/fpx/standard_chartered.svg]
[www.argon40.com.br/static/version1603255180/frontend/Smartwave/porto/en_US/StripeIntegration_Payments/svg/fpx/uob.svg]
